
> promptvexity@0.1.0 build
> next build

Γû▓ Next.js 16.1.7 (Turbopack)
- Environments: .env.local

node.exe : ΓÜá The 
"middleware" file 
convention is 
deprecated. Please 
use "proxy" instead. 
Learn more: https://ne
xtjs.org/docs/messages
/middleware-to-proxy
At line:1 char:1
+ & "C:\Program Files\
nodejs/node.exe" 
"C:\Program 
Files\nodejs/node_mo 
...
+ ~~~~~~~~~~~~~~~~~~~~
~~~~~~~~~~~~~~~~~~~~~~
~~~~~~~~~~~~~~~~~~~~~~
~~~~~
    + CategoryInfo    
          : NotSpeci  
  fied: (ΓÜá The "m   
 iddle...leware-to    
-proxy:String) []    
, RemoteException
    + FullyQualifiedE 
   rrorId : NativeCo  
  mmandError
 
  Creating an optimized production build ...
Γ£ô Compiled successfully in 35.3s
  Running TypeScript ...
  Collecting page data using 23 workers ...
  Generating static pages using 23 workers (0/31) ...
  Generating static pages using 23 workers (7/31) 
  Generating static pages using 23 workers (15/31) 
  Generating static pages using 23 workers (23/31) 
Γ£ô Generating static pages using 23 workers (31/31) in 402.0ms
  Finalizing page optimization ...

Route (app)
Γöî ╞Æ /
Γö£ Γùï /_not-found
Γö£ Γùï /admin/login
Γö£ ╞Æ /admin/reports
Γö£ ╞Æ /api/compare
Γö£ ╞Æ /api/cron/leaderboard
Γö£ ╞Æ /api/health
Γö£ ╞Æ /api/jobs/score-prompt
Γö£ ╞Æ /api/prompts/[id]
Γö£ ╞Æ /api/prompts/batch
Γö£ Γùï /auth-code-error
Γö£ ╞Æ /auth/callback
Γö£ ╞Æ /auth/signout
Γö£ Γùï /compare
Γö£ ╞Æ /confirm
Γö£ Γùï /create/problem
Γö£ Γùï /create/prompt
Γö£ Γùï /dashboard
Γö£ Γùï /guide
Γö£ Γùï /icon.svg
Γö£ ╞Æ /leaderboard
Γö£ Γùï /login
Γö£ ╞Æ /problems
Γö£ ╞Æ /problems/[slug]
Γö£ ╞Æ /problems/[slug]/compare
Γö£ Γùï /problems/new
Γö£ ╞Æ /profile/[id]
Γö£ Γùï /prompts
Γö£ ╞Æ /prompts/[slug]
Γö£ ╞Æ /prompts/[slug]/edit
Γö£ Γùï /prompts/new
Γö£ Γùï /robots.txt
Γö£ Γùï /settings
Γö£ Γùï /signup
Γö£ ╞Æ /sitemap.xml
Γö£ ╞Æ /u/[username]
Γöö Γùï /workspace


╞Æ Proxy (Middleware)

Γùï  (Static)   prerendered as static content
╞Æ  (Dynamic)  server-rendered on demand

